version https://git-lfs.github.com/spec/v1
oid sha256:a3c0eda5ac0d89dafc7d4444961547bf8502755841abb5bf65a752b24829b5d4
size 191422945
